AC
N0
N0
AC
N0
AC
N0
N0
N0
AC
N0
AC
N0
AC
AC
N0
AC
N0
N0
N0
